// Vitest Snapshot v1, https://vitest.dev/guide/snapshot.html

exports[`schema creator > generates correct schema fields for document 1`] = `
{
  "fields": [
    {
      "name": "name",
      "title": "Name",
      "type": "string",
      "validation": [Function],
    },
    {
      "name": "postcode",
      "title": "Postcode",
      "type": "string",
      "validation": [Function],
    },
    {
      "name": "cost",
      "title": "Cost",
      "type": "number",
    },
    {
      "name": "picture",
      "title": "Picture",
      "type": "image",
    },
    {
      "name": "description",
      "rows": 2,
      "title": "Description",
      "type": "text",
      "validation": [Function],
    },
  ],
  "name": "typeOfDocument",
  "title": "Type Of Document",
  "type": "document",
}
`;

exports[`schema creator > generates correct schema fields for object 1`] = `
{
  "fields": [
    {
      "name": "name",
      "title": "Name",
      "type": "string",
      "validation": [Function],
    },
  ],
  "name": "myObject",
  "title": "My Object",
  "type": "object",
}
`;

exports[`schema creator > generates correct schema fields when fields are defined 1`] = `
[
  {
    "name": "field1",
    "title": "Field1",
    "type": "string",
  },
]
`;
